// Jest Snapshot v1, https://goo.gl/fbAQLP

exports[`XML Language generates a valid parser 1`] = `
Object {
  "nodes": Array [
    Object {
      "fields": Array [
        Object {
          "name": "name",
          "pattern": Object {
            "type": "reference",
            "value": Object {
              "name": "name",
              "type": "token",
            },
          },
          "print": Object {
            "type": "token",
            "value": "name",
          },
          "type": "standard",
        },
        Object {
          "name": "value",
          "pattern": Object {
            "type": "reference",
            "value": Object {
              "name": "string",
              "type": "token",
            },
          },
          "print": Object {
            "type": "token",
            "value": "string",
          },
          "type": "standard",
        },
      ],
      "name": "XMLAttribute",
      "pattern": Object {
        "type": "sequence",
        "value": Array [
          Object {
            "type": "reference",
            "value": Object {
              "fieldName": "name",
              "nodeName": "XMLAttribute",
              "type": "field",
            },
          },
          Object {
            "type": "reference",
            "value": Object {
              "name": "equals",
              "type": "token",
            },
          },
          Object {
            "type": "reference",
            "value": Object {
              "fieldName": "value",
              "nodeName": "XMLAttribute",
              "type": "field",
            },
          },
        ],
      },
      "print": Object {
        "type": "sequence",
        "value": Array [
          Object {
            "type": "field",
            "value": "name",
          },
          Object {
            "type": "token",
            "value": "equals",
          },
          Object {
            "type": "field",
            "value": "value",
          },
        ],
      },
      "type": "record",
    },
    Object {
      "fields": Array [
        Object {
          "name": "charData",
          "pattern": Object {
            "type": "reference",
            "value": Object {
              "name": "text",
              "type": "token",
            },
          },
          "print": Object {
            "type": "token",
            "value": "text",
          },
          "type": "standard",
        },
        Object {
          "name": "comment",
          "pattern": Object {
            "type": "reference",
            "value": Object {
              "name": "comment",
              "type": "token",
            },
          },
          "print": Object {
            "type": "token",
            "value": "comment",
          },
          "type": "standard",
        },
        Object {
          "name": "element",
          "pattern": Object {
            "type": "reference",
            "value": Object {
              "name": "XMLElement",
              "type": "node",
            },
          },
          "print": Object {
            "type": "node",
            "value": "XMLElement",
          },
          "type": "standard",
        },
      ],
      "name": "XMLElementContent",
      "pattern": Object {
        "type": "or",
        "value": Array [
          Object {
            "type": "reference",
            "value": Object {
              "fieldName": "charData",
              "nodeName": "XMLElementContent",
              "type": "field",
            },
          },
          Object {
            "type": "reference",
            "value": Object {
              "fieldName": "comment",
              "nodeName": "XMLElementContent",
              "type": "field",
            },
          },
          Object {
            "type": "reference",
            "value": Object {
              "fieldName": "element",
              "nodeName": "XMLElementContent",
              "type": "field",
            },
          },
        ],
      },
      "print": Object {
        "type": "self",
      },
      "type": "enum",
    },
    Object {
      "fields": Array [
        Object {
          "name": "name",
          "pattern": Object {
            "type": "reference",
            "value": Object {
              "name": "name",
              "type": "token",
            },
          },
          "print": Object {
            "type": "token",
            "value": "name",
          },
          "type": "standard",
        },
        Object {
          "name": "attributes",
          "pattern": Object {
            "type": "many",
            "value": Object {
              "type": "reference",
              "value": Object {
                "name": "XMLAttribute",
                "type": "node",
              },
            },
          },
          "print": Object {
            "type": "command",
            "value": Object {
              "type": "join",
              "value": Object {
                "type": "node",
                "value": "XMLAttribute",
              },
            },
          },
          "type": "many",
        },
        Object {
          "name": "content",
          "pattern": Object {
            "type": "many",
            "value": Object {
              "type": "reference",
              "value": Object {
                "name": "XMLElementContent",
                "type": "node",
              },
            },
          },
          "print": Object {
            "type": "command",
            "value": Object {
              "type": "join",
              "value": Object {
                "type": "node",
                "value": "XMLElementContent",
              },
            },
          },
          "type": "many",
        },
      ],
      "name": "XMLElement",
      "pattern": Object {
        "type": "sequence",
        "value": Array [
          Object {
            "type": "reference",
            "value": Object {
              "name": "open",
              "type": "token",
            },
          },
          Object {
            "type": "reference",
            "value": Object {
              "fieldName": "name",
              "nodeName": "XMLElement",
              "type": "field",
            },
          },
          Object {
            "type": "reference",
            "value": Object {
              "fieldName": "attributes",
              "nodeName": "XMLElement",
              "type": "field",
            },
          },
          Object {
            "type": "or",
            "value": Array [
              Object {
                "type": "reference",
                "value": Object {
                  "name": "slashClose",
                  "type": "token",
                },
              },
              Object {
                "type": "sequence",
                "value": Array [
                  Object {
                    "type": "reference",
                    "value": Object {
                      "name": "close",
                      "type": "token",
                    },
                  },
                  Object {
                    "type": "reference",
                    "value": Object {
                      "fieldName": "content",
                      "nodeName": "XMLElement",
                      "type": "field",
                    },
                  },
                  Object {
                    "type": "reference",
                    "value": Object {
                      "name": "slashOpen",
                      "type": "token",
                    },
                  },
                  Object {
                    "type": "reference",
                    "value": Object {
                      "name": "name",
                      "type": "token",
                    },
                  },
                  Object {
                    "type": "reference",
                    "value": Object {
                      "name": "close",
                      "type": "token",
                    },
                  },
                ],
              },
            ],
          },
        ],
      },
      "print": Object {
        "type": "sequence",
        "value": Array [
          Object {
            "type": "token",
            "value": "open",
          },
          Object {
            "type": "field",
            "value": "name",
          },
          Object {
            "type": "command",
            "value": Object {
              "type": "indent",
              "value": Object {
                "type": "command",
                "value": Object {
                  "separator": Object {
                    "type": "command",
                    "value": Object {
                      "type": "line",
                    },
                  },
                  "type": "join",
                  "value": Object {
                    "type": "field",
                    "value": "attributes",
                  },
                },
              },
            },
          },
          Object {
            "type": "token",
            "value": "close",
          },
          Object {
            "type": "field",
            "value": "content",
          },
          Object {
            "type": "token",
            "value": "slashOpen",
          },
          Object {
            "type": "field",
            "value": "name",
          },
          Object {
            "type": "token",
            "value": "close",
          },
        ],
      },
      "type": "record",
    },
  ],
}
`;

exports[`XML Language parses and prints elements 1`] = `
Object {
  "tokens": Array [],
  "type": "success",
  "value": Object {
    "attributes": Array [],
    "content": Array [
      Object {
        "type": "charData",
        "value": "Some Text",
      },
      Object {
        "type": "element",
        "value": Object {
          "attributes": Array [],
          "content": Array [],
          "name": "Nested",
        },
      },
    ],
    "name": "OK",
  },
}
`;

exports[`XML Language parses and prints elements 2`] = `
Object {
  "parts": Array [
    "<",
    "OK",
    Object {
      "contents": Object {
        "parts": Array [
          Object {
            "parts": Array [],
            "type": "concat",
          },
        ],
        "type": "concat",
      },
      "type": "indent",
    },
    ">",
    Object {
      "parts": Array [
        Object {
          "parts": Array [
            "Some Text",
          ],
          "type": "concat",
        },
        Object {
          "parts": Array [
            Object {
              "parts": Array [
                "<",
                "Nested",
                Object {
                  "contents": Object {
                    "parts": Array [
                      Object {
                        "parts": Array [],
                        "type": "concat",
                      },
                    ],
                    "type": "concat",
                  },
                  "type": "indent",
                },
                ">",
                Object {
                  "parts": Array [],
                  "type": "concat",
                },
                "</",
                "Nested",
                ">",
              ],
              "type": "concat",
            },
          ],
          "type": "concat",
        },
      ],
      "type": "concat",
    },
    "</",
    "OK",
    ">",
  ],
  "type": "concat",
}
`;

exports[`XML Language parses attributes 1`] = `
Object {
  "tokens": Array [],
  "type": "success",
  "value": Object {
    "attributes": Array [
      Object {
        "name": "a",
        "value": "test",
      },
      Object {
        "name": "b",
        "value": "foo",
      },
    ],
    "content": Array [],
    "name": "hello",
  },
}
`;
