// Jest Snapshot v1, https://goo.gl/fbAQLP

exports[`converts XML language 1`] = `
Object {
  "nodes": Array [
    Object {
      "fields": Array [
        Object {
          "name": "name",
          "pattern": Object {
            "type": "reference",
            "value": Object {
              "name": "name",
              "type": "token",
            },
          },
        },
        Object {
          "name": "value",
          "pattern": Object {
            "type": "reference",
            "value": Object {
              "name": "string",
              "type": "token",
            },
          },
        },
      ],
      "name": "XMLAttribute",
      "pattern": Object {
        "type": "sequence",
        "value": Array [
          Object {
            "type": "reference",
            "value": Object {
              "fieldName": "name",
              "nodeName": "XMLAttribute",
              "type": "field",
            },
          },
          Object {
            "type": "reference",
            "value": Object {
              "name": "equals",
              "type": "token",
            },
          },
          Object {
            "type": "reference",
            "value": Object {
              "fieldName": "value",
              "nodeName": "XMLAttribute",
              "type": "field",
            },
          },
        ],
      },
      "type": "record",
    },
    Object {
      "fields": Array [
        Object {
          "name": "charData",
          "pattern": Object {
            "type": "reference",
            "value": Object {
              "name": "text",
              "type": "token",
            },
          },
        },
        Object {
          "name": "comment",
          "pattern": Object {
            "type": "reference",
            "value": Object {
              "name": "comment",
              "type": "token",
            },
          },
        },
        Object {
          "name": "element",
          "pattern": Object {
            "type": "reference",
            "value": Object {
              "name": "XMLElement",
              "type": "node",
            },
          },
        },
      ],
      "name": "XMLElementContent",
      "pattern": Object {
        "type": "or",
        "value": Array [
          Object {
            "type": "reference",
            "value": Object {
              "fieldName": "charData",
              "nodeName": "XMLElementContent",
              "type": "field",
            },
          },
          Object {
            "type": "reference",
            "value": Object {
              "fieldName": "comment",
              "nodeName": "XMLElementContent",
              "type": "field",
            },
          },
          Object {
            "type": "reference",
            "value": Object {
              "fieldName": "element",
              "nodeName": "XMLElementContent",
              "type": "field",
            },
          },
        ],
      },
      "type": "enum",
    },
    Object {
      "fields": Array [
        Object {
          "name": "name",
          "pattern": Object {
            "type": "reference",
            "value": Object {
              "name": "open",
              "type": "token",
            },
          },
        },
        Object {
          "name": "attributes",
          "pattern": Object {
            "type": "many",
            "value": Object {
              "type": "reference",
              "value": Object {
                "name": "XMLAttribute",
                "type": "node",
              },
            },
          },
        },
        Object {
          "name": "content",
          "pattern": Object {
            "type": "many",
            "value": Object {
              "type": "reference",
              "value": Object {
                "name": "XMLElementContent",
                "type": "node",
              },
            },
          },
        },
      ],
      "name": "XMLElement",
      "pattern": Object {
        "type": "sequence",
        "value": Array [
          Object {
            "type": "reference",
            "value": Object {
              "fieldName": "name",
              "nodeName": "XMLElement",
              "type": "field",
            },
          },
          Object {
            "type": "reference",
            "value": Object {
              "fieldName": "attributes",
              "nodeName": "XMLElement",
              "type": "field",
            },
          },
          Object {
            "type": "or",
            "value": Array [
              Object {
                "type": "sequence",
                "value": Array [
                  Object {
                    "type": "reference",
                    "value": Object {
                      "name": "close",
                      "type": "token",
                    },
                  },
                  Object {
                    "type": "reference",
                    "value": Object {
                      "fieldName": "content",
                      "nodeName": "XMLElement",
                      "type": "field",
                    },
                  },
                  Object {
                    "type": "reference",
                    "value": Object {
                      "name": "slashOpen",
                      "type": "token",
                    },
                  },
                  Object {
                    "type": "reference",
                    "value": Object {
                      "name": "name",
                      "type": "token",
                    },
                  },
                  Object {
                    "type": "reference",
                    "value": Object {
                      "name": "close",
                      "type": "token",
                    },
                  },
                ],
              },
              Object {
                "type": "reference",
                "value": Object {
                  "name": "slashClose",
                  "type": "token",
                },
              },
            ],
          },
        ],
      },
      "type": "record",
    },
  ],
}
`;

exports[`converts XML language 2`] = `
Object {
  "tokens": Array [],
  "type": "success",
  "value": Object {
    "attributes": Array [
      Object {
        "name": "a",
        "value": "test",
      },
      Object {
        "name": "b",
        "value": "foo",
      },
    ],
    "name": "hello",
  },
}
`;

exports[`converts XML language 3`] = `
Object {
  "tokens": Array [],
  "type": "success",
  "value": Object {
    "attributes": Array [],
    "content": Array [
      Object {
        "type": "charData",
        "value": "Some Text",
      },
      Object {
        "type": "element",
        "value": Object {
          "attributes": Array [],
          "name": "Nested",
        },
      },
    ],
    "name": "OK",
  },
}
`;
