// Jest Snapshot v1, https://goo.gl/fbAQLP

exports[`converts Swift language 1`] = `
"import Foundation

#if canImport(UIKit)
  import UIKit
#elseif canImport(AppKit)
  import AppKit
#endif

public indirect enum AccessLevelModifier {
  case privateModifier
  case fileprivateModifier
  case internalModifier
  case publicModifier
  case openModifier
}
public indirect enum MutationModifier {
  case mutatingModifier
  case nonmutatingModifier
}
public indirect enum OtherModifier {
  case classModifier
  case convenienceModifier
  case dynamicModifier
  case finalModifier
  case infixModifier
  case lazyModifier
  case optionalModifier
  case overrideModifier
  case postfixModifier
  case prefixModifier
  case requiredModifier
  case staticModifier
  case unownedModifier
  case unownedSafeModifier
  case unownedUnsafeModifier
  case weakModifier
}
public indirect enum Literal {
  case nil
  case boolean(Bool)
  case integer(CGFloat)
  case floatingPoint(CGFloat)
  case string(String)
  case color(String)
  case image(String)
  case array(Array<Literal>)
}
"
`;
