// Jest Snapshot v1, https://goo.gl/fbAQLP

exports[`JS converts workspace 1`] = `
Object {
  "/output/Colors.js": "var primary = \\"#45CBFF\\";
module.exports.primary = primary;

var accent = primary;
module.exports.accent = accent;

var testSaturate = \\"#29D7FF\\";
module.exports.testSaturate = testSaturate;
",
  "/output/Shadows.js": "var small = { x: 0, y: 2, blur: 2, radius: 0, color: \\"#45CBFF\\" };
module.exports.small = small;
",
  "/output/TextStyles.js": "var heading1 = { fontFamily: \\"Helvetica\\", fontWeight: 700, fontSize: 28, color: \\"teal\\" };
module.exports.heading1 = heading1;
",
  "/output/index.js": "var __lona_import_0 = require(\\"./Colors\\");
Object.keys(__lona_import_0).forEach(function (key) {
  Object.defineProperty(module.exports, key, {
    enumerable: true,
    get: function get() {
      return __lona_import_0[key];
    }
  });
})

var __lona_import_1 = require(\\"./Shadows\\");
Object.keys(__lona_import_1).forEach(function (key) {
  Object.defineProperty(module.exports, key, {
    enumerable: true,
    get: function get() {
      return __lona_import_1[key];
    }
  });
})

var __lona_import_2 = require(\\"./TextStyles\\");
Object.keys(__lona_import_2).forEach(function (key) {
  Object.defineProperty(module.exports, key, {
    enumerable: true,
    get: function get() {
      return __lona_import_2[key];
    }
  });
})",
}
`;

exports[`JS generates js 1`] = `
"var __lona_import_0 = require(\\"./Colors\\");
Object.keys(__lona_import_0).forEach(function (key) {
  Object.defineProperty(module.exports, key, {
    enumerable: true,
    get: function get() {
      return __lona_import_0[key];
    }
  });
})"
`;

exports[`JS generates js 2`] = `
"var color = \\"pink\\";
module.exports.color = color;
"
`;
